Parser transition options: system=projective, oracle=dynamic, structured_interval=8, single_root=1
Parser uses lemmas/upos/xpos/feats: from gold data
Parser embeddings options: upostag=20, feats=20, xpostag=0, form=50, lemma=0, deprel=20
  form mincount=2, precomputed form embeddings=none
  lemma mincount=2, precomputed lemma embeddings=none
Parser network options: iterations=10, hidden_layer=200, batch_size=10,
  learning_rate=0.0200, learning_rate_final=0.0010, l2=0.5000, early_stopping=0
Initialized 'universal_tag' embedding with 0,15 words and 0.0%,100.0% coverage.
Initialized 'feats' embedding with 0,193 words and 0.0%,100.0% coverage.
Initialized 'form' embedding with 0,118 words and 0.0%,48.2% coverage.
Initialized 'deprel' embedding with 0,35 words and 0.0%,100.0% coverage.
Iteration 1: training logprob -4.0050e+03
Iteration 2: training logprob -3.5135e+03
Iteration 3: training logprob -2.5808e+03
Iteration 4: training logprob -2.0691e+03
Iteration 5: training logprob -1.7598e+03
Iteration 6: training logprob -1.7158e+03
Iteration 7: training logprob -1.8064e+03
Iteration 8: training logprob -1.9233e+03
Iteration 9: training logprob -2.2319e+03
Iteration 10: training logprob -2.6070e+03
Parser transition options: system=projective, oracle=dynamic, structured_interval=8, single_root=1
Parser uses lemmas/upos/xpos/feats: from gold data
Parser embeddings options: upostag=20, feats=20, xpostag=0, form=50, lemma=0, deprel=20
  form mincount=2, precomputed form embeddings=none
  lemma mincount=2, precomputed lemma embeddings=none
Parser network options: iterations=10, hidden_layer=200, batch_size=10,
  learning_rate=0.0200, learning_rate_final=0.0010, l2=0.5000, early_stopping=0
Initialized 'universal_tag' embedding with 0,16 words and 0.0%,100.0% coverage.
Initialized 'feats' embedding with 0,200 words and 0.0%,100.0% coverage.
Initialized 'form' embedding with 0,114 words and 0.0%,46.4% coverage.
Initialized 'deprel' embedding with 0,37 words and 0.0%,100.0% coverage.
Iteration 1: training logprob -4.1280e+03
Iteration 2: training logprob -4.0039e+03
Iteration 3: training logprob -2.6790e+03
Iteration 4: training logprob -2.2494e+03
Iteration 5: training logprob -1.8747e+03
Iteration 6: training logprob -1.8438e+03
Iteration 7: training logprob -1.8474e+03
Iteration 8: training logprob -2.1585e+03
Iteration 9: training logprob -2.3273e+03
Iteration 10: training logprob -2.8532e+03
Parser transition options: system=projective, oracle=dynamic, structured_interval=8, single_root=1
Parser uses lemmas/upos/xpos/feats: from gold data
Parser embeddings options: upostag=20, feats=20, xpostag=0, form=50, lemma=0, deprel=20
  form mincount=2, precomputed form embeddings=none
  lemma mincount=2, precomputed lemma embeddings=none
Parser network options: iterations=10, hidden_layer=200, batch_size=10,
  learning_rate=0.0200, learning_rate_final=0.0010, l2=0.5000, early_stopping=0
Initialized 'universal_tag' embedding with 0,16 words and 0.0%,100.0% coverage.
Initialized 'feats' embedding with 0,194 words and 0.0%,100.0% coverage.
Initialized 'form' embedding with 0,123 words and 0.0%,48.1% coverage.
Initialized 'deprel' embedding with 0,37 words and 0.0%,100.0% coverage.
Iteration 1: training logprob -4.1883e+03
Iteration 2: training logprob -3.7441e+03
Iteration 3: training logprob -2.7781e+03
Iteration 4: training logprob -2.1443e+03
Iteration 5: training logprob -1.9858e+03
Iteration 6: training logprob -1.7896e+03
Iteration 7: training logprob -1.8305e+03
Iteration 8: training logprob -2.1088e+03
Iteration 9: training logprob -2.3564e+03
Iteration 10: training logprob -2.7253e+03
Parser transition options: system=projective, oracle=dynamic, structured_interval=8, single_root=1
Parser uses lemmas/upos/xpos/feats: from gold data
Parser embeddings options: upostag=20, feats=20, xpostag=0, form=50, lemma=0, deprel=20
  form mincount=2, precomputed form embeddings=none
  lemma mincount=2, precomputed lemma embeddings=none
Parser network options: iterations=10, hidden_layer=200, batch_size=10,
  learning_rate=0.0200, learning_rate_final=0.0010, l2=0.5000, early_stopping=0
Initialized 'universal_tag' embedding with 0,16 words and 0.0%,100.0% coverage.
Initialized 'feats' embedding with 0,193 words and 0.0%,100.0% coverage.
Initialized 'form' embedding with 0,126 words and 0.0%,49.3% coverage.
Initialized 'deprel' embedding with 0,36 words and 0.0%,100.0% coverage.
Iteration 1: training logprob -3.8354e+03
Iteration 2: training logprob -3.5445e+03
Iteration 3: training logprob -2.6700e+03
Iteration 4: training logprob -2.0695e+03
Iteration 5: training logprob -1.7941e+03
Iteration 6: training logprob -1.7542e+03
Iteration 7: training logprob -1.7985e+03
Iteration 8: training logprob -1.8955e+03
Iteration 9: training logprob -2.2182e+03
Iteration 10: training logprob -2.5885e+03
Parser transition options: system=projective, oracle=dynamic, structured_interval=8, single_root=1
Parser uses lemmas/upos/xpos/feats: from gold data
Parser embeddings options: upostag=20, feats=20, xpostag=0, form=50, lemma=0, deprel=20
  form mincount=2, precomputed form embeddings=none
  lemma mincount=2, precomputed lemma embeddings=none
Parser network options: iterations=10, hidden_layer=200, batch_size=10,
  learning_rate=0.0200, learning_rate_final=0.0010, l2=0.5000, early_stopping=0
Initialized 'universal_tag' embedding with 0,16 words and 0.0%,100.0% coverage.
Initialized 'feats' embedding with 0,196 words and 0.0%,100.0% coverage.
Initialized 'form' embedding with 0,123 words and 0.0%,48.3% coverage.
Initialized 'deprel' embedding with 0,37 words and 0.0%,100.0% coverage.
Iteration 1: training logprob -4.2539e+03
Iteration 2: training logprob -3.7819e+03
Iteration 3: training logprob -2.7733e+03
Iteration 4: training logprob -2.0250e+03
Iteration 5: training logprob -1.8869e+03
Iteration 6: training logprob -1.7502e+03
Iteration 7: training logprob -1.8073e+03
Iteration 8: training logprob -2.0772e+03
Iteration 9: training logprob -2.1939e+03
Iteration 10: training logprob -2.7316e+03
Parser transition options: system=projective, oracle=dynamic, structured_interval=8, single_root=1
Parser uses lemmas/upos/xpos/feats: from gold data
Parser embeddings options: upostag=20, feats=20, xpostag=0, form=50, lemma=0, deprel=20
  form mincount=2, precomputed form embeddings=none
  lemma mincount=2, precomputed lemma embeddings=none
Parser network options: iterations=10, hidden_layer=200, batch_size=10,
  learning_rate=0.0200, learning_rate_final=0.0010, l2=0.5000, early_stopping=0
Initialized 'universal_tag' embedding with 0,16 words and 0.0%,100.0% coverage.
Initialized 'feats' embedding with 0,205 words and 0.0%,100.0% coverage.
Initialized 'form' embedding with 0,126 words and 0.0%,46.6% coverage.
Initialized 'deprel' embedding with 0,37 words and 0.0%,100.0% coverage.
Iteration 1: training logprob -4.2604e+03
Iteration 2: training logprob -3.8982e+03
Iteration 3: training logprob -2.9501e+03
Iteration 4: training logprob -2.1468e+03
Iteration 5: training logprob -1.9398e+03
Iteration 6: training logprob -1.8352e+03
Iteration 7: training logprob -1.9706e+03
Iteration 8: training logprob -2.0219e+03
Iteration 9: training logprob -2.4906e+03
Iteration 10: training logprob -2.8910e+03
Parser transition options: system=projective, oracle=dynamic, structured_interval=8, single_root=1
Parser uses lemmas/upos/xpos/feats: from gold data
Parser embeddings options: upostag=20, feats=20, xpostag=0, form=50, lemma=0, deprel=20
  form mincount=2, precomputed form embeddings=none
  lemma mincount=2, precomputed lemma embeddings=none
Parser network options: iterations=10, hidden_layer=200, batch_size=10,
  learning_rate=0.0200, learning_rate_final=0.0010, l2=0.5000, early_stopping=0
Initialized 'universal_tag' embedding with 0,16 words and 0.0%,100.0% coverage.
Initialized 'feats' embedding with 0,200 words and 0.0%,100.0% coverage.
Initialized 'form' embedding with 0,122 words and 0.0%,46.8% coverage.
Initialized 'deprel' embedding with 0,37 words and 0.0%,100.0% coverage.
Iteration 1: training logprob -4.2464e+03
Iteration 2: training logprob -3.9808e+03
Iteration 3: training logprob -3.0147e+03
Iteration 4: training logprob -2.2580e+03
Iteration 5: training logprob -1.9751e+03
Iteration 6: training logprob -2.0087e+03
Iteration 7: training logprob -1.9114e+03
Iteration 8: training logprob -2.1863e+03
Iteration 9: training logprob -2.4461e+03
Iteration 10: training logprob -2.9696e+03
Parser transition options: system=projective, oracle=dynamic, structured_interval=8, single_root=1
Parser uses lemmas/upos/xpos/feats: from gold data
Parser embeddings options: upostag=20, feats=20, xpostag=0, form=50, lemma=0, deprel=20
  form mincount=2, precomputed form embeddings=none
  lemma mincount=2, precomputed lemma embeddings=none
Parser network options: iterations=10, hidden_layer=200, batch_size=10,
  learning_rate=0.0200, learning_rate_final=0.0010, l2=0.5000, early_stopping=0
Initialized 'universal_tag' embedding with 0,16 words and 0.0%,100.0% coverage.
Initialized 'feats' embedding with 0,200 words and 0.0%,100.0% coverage.
Initialized 'form' embedding with 0,125 words and 0.0%,47.3% coverage.
Initialized 'deprel' embedding with 0,37 words and 0.0%,100.0% coverage.
Iteration 1: training logprob -4.2487e+03
Iteration 2: training logprob -3.9093e+03
Iteration 3: training logprob -2.9220e+03
Iteration 4: training logprob -2.3933e+03
Iteration 5: training logprob -2.0712e+03
Iteration 6: training logprob -2.0549e+03
Iteration 7: training logprob -1.8894e+03
Iteration 8: training logprob -2.0716e+03
Iteration 9: training logprob -2.3591e+03
Iteration 10: training logprob -2.9042e+03
Parser transition options: system=projective, oracle=dynamic, structured_interval=8, single_root=1
Parser uses lemmas/upos/xpos/feats: from gold data
Parser embeddings options: upostag=20, feats=20, xpostag=0, form=50, lemma=0, deprel=20
  form mincount=2, precomputed form embeddings=none
  lemma mincount=2, precomputed lemma embeddings=none
Parser network options: iterations=10, hidden_layer=200, batch_size=10,
  learning_rate=0.0200, learning_rate_final=0.0010, l2=0.5000, early_stopping=0
Initialized 'universal_tag' embedding with 0,16 words and 0.0%,100.0% coverage.
Initialized 'feats' embedding with 0,201 words and 0.0%,100.0% coverage.
Initialized 'form' embedding with 0,123 words and 0.0%,46.5% coverage.
Initialized 'deprel' embedding with 0,37 words and 0.0%,100.0% coverage.
Iteration 1: training logprob -4.2795e+03
Iteration 2: training logprob -4.0150e+03
Iteration 3: training logprob -2.7967e+03
Iteration 4: training logprob -2.2731e+03
Iteration 5: training logprob -1.9392e+03
Iteration 6: training logprob -1.9278e+03
Iteration 7: training logprob -2.0390e+03
Iteration 8: training logprob -2.2395e+03
Iteration 9: training logprob -2.3810e+03
Iteration 10: training logprob -2.7646e+03
Parser transition options: system=projective, oracle=dynamic, structured_interval=8, single_root=1
Parser uses lemmas/upos/xpos/feats: from gold data
Parser embeddings options: upostag=20, feats=20, xpostag=0, form=50, lemma=0, deprel=20
  form mincount=2, precomputed form embeddings=none
  lemma mincount=2, precomputed lemma embeddings=none
Parser network options: iterations=10, hidden_layer=200, batch_size=10,
  learning_rate=0.0200, learning_rate_final=0.0010, l2=0.5000, early_stopping=0
Initialized 'universal_tag' embedding with 0,16 words and 0.0%,100.0% coverage.
Initialized 'feats' embedding with 0,194 words and 0.0%,100.0% coverage.
Initialized 'form' embedding with 0,125 words and 0.0%,48.0% coverage.
Initialized 'deprel' embedding with 0,36 words and 0.0%,100.0% coverage.
Iteration 1: training logprob -4.2259e+03
Iteration 2: training logprob -3.8718e+03
Iteration 3: training logprob -2.9708e+03
Iteration 4: training logprob -2.3373e+03
Iteration 5: training logprob -1.9884e+03
Iteration 6: training logprob -1.9533e+03
Iteration 7: training logprob -1.9167e+03
Iteration 8: training logprob -2.1297e+03
Iteration 9: training logprob -2.4547e+03
Iteration 10: training logprob -2.9148e+03
treebank: data/treebanks/UD_Sanskrit-UFAL/sa_ufal-surface.conllu
sentences: 230
config  : C4 - defaults, surface-projected UFAL (rebuild 2026-09-09)
parser opts: '<udpipe defaults>'

10-fold cross-validation (contiguous blocks, gold tokenisation + gold tags):
  fold  0: train 207 sents / test 23 sents,  193 tok -> UAS  34.2  LAS  26.4  (13.8s)
  fold  1: train 207 sents / test 23 sents,  144 tok -> UAS  69.4  LAS  54.9  (15.2s)
  fold  2: train 207 sents / test 23 sents,  154 tok -> UAS  53.9  LAS  43.5  (15.3s)
  fold  3: train 207 sents / test 23 sents,  178 tok -> UAS  47.2  LAS  37.1  (15.3s)
  fold  4: train 207 sents / test 23 sents,  153 tok -> UAS  66.7  LAS  54.2  (27.8s)
  fold  5: train 207 sents / test 23 sents,  105 tok -> UAS  64.8  LAS  49.5  (20.1s)
  fold  6: train 207 sents / test 23 sents,  125 tok -> UAS  77.6  LAS  60.8  (62.4s)
  fold  7: train 207 sents / test 23 sents,  129 tok -> UAS  76.7  LAS  58.9  (40.6s)
  fold  8: train 207 sents / test 23 sents,  137 tok -> UAS  67.2  LAS  52.6  (60.7s)
  fold  9: train 207 sents / test 23 sents,  156 tok -> UAS  70.5  LAS  57.7  (46.0s)

  ---- MICRO-AVERAGE over 1474 tokens ----
  UAS 61.13%   LAS 48.30%   (total 317s)
  per-fold UAS range 34.2 - 77.6 ; LAS range 26.4 - 60.8

  per-relation (gold count / labelled-correct / recall / predicted count):
    root           gold  230  correct  170  R  73.9%   pred  230
    punct          gold  195  correct  132  R  67.7%   pred  203
    advmod         gold  166  correct  118  R  71.1%   pred  193
    nsubj          gold  156  correct   85  R  54.5%   pred  259
    obl            gold   98  correct   28  R  28.6%   pred  130
    conj           gold   82  correct    6  R   7.3%   pred   43
    obj            gold   77  correct   37  R  48.1%   pred   92
    advcl          gold   68  correct   43  R  63.2%   pred  110
    nmod           gold   51  correct   19  R  37.3%   pred   56
    det            gold   44  correct   23  R  52.3%   pred   53
    amod           gold   43  correct   25  R  58.1%   pred   53
    nsubj:pass     gold   33  correct    1  R   3.0%   pred    3
    nmod:poss      gold   29  correct    6  R  20.7%   pred   13
    cc             gold   27  correct   13  R  48.1%   pred   20
    acl            gold   23  correct    0  R   0.0%   pred    1
    obl:agent      gold   19  correct    0  R   0.0%   pred    0
    vocative       gold   16  correct    6  R  37.5%   pred    8
    xcomp          gold   15  correct    0  R   0.0%   pred    0

  ==== STEP 4 ACCEPTANCE TEST: THE TWO NAMED JOBS ====
  JOB (a) SUBJECT IDENTIFICATION
    pre-verbal  subjects:  151 gold,   80 exactly right  (53.0%)
    POST-verbal subjects:   50 gold,    6 exactly right  (12.0%)  <-- the job
       (right verb attached, any subject label: 14 / 28.0%)
    subject PRECISION  :  262 predicted,   86 correct   (32.8%)
  JOB (b) COORDINATION (nominal pairs, transitive closure over conj)
    gold pairs  182 | predicted   40 | correct    7
    precision 17.5%   recall 3.8%   <-- precision is the one that matters

  post-verbal subject misses (word / gold rel / gold head -> pred rel / pred head):
    नमः          nsubj       महाकविभ्यो   -> root        (root)
    नमोऽस्तु     nsubj       चाणक्याय     -> nmod        नयशास्त्रकर्तृभ्यः
    नगरम्        nsubj       जनपदे        -> nsubj       अस्ति
    एतद्         nsubj:pass  ज्ञातम्      -> nsubj       ।
    मे           nsubj       पश्यतः       -> nsubj       आवहति
    गर्भस्रावो   nsubj       वरं          -> nsubj       नैवाभिगमनं
    जातः         nsubj       वरं          -> nsubj       रूपद्रविणगुणयुक्तोऽपि
    कन्यैव       nsubj       वरमपि        -> obl         रूपद्रविणगुणयुक्तोऽपि
    भार्या       nsubj       वरं          -> obl         रूपद्रविणगुणयुक्तोऽपि
    तनयः         nsubj       वरमपि        -> nsubj       रूपद्रविणगुणयुक्तोऽपि
    अर्थः        nsubj:cop   कः           -> nsubj       कः
    जीवितव्यविषयः nsubj       अशाश्वतो     -> root        (root)
    शब्दशास्त्रम् nsubj:cop   अनन्तपारं    -> obl         स्वल्पं
    विघ्नाः      nsubj       तथायुर्वहवश्च -> nsubj       स्वल्पं
    ब्राह्मणः    nsubj       अत्रास्ति    -> nsubj       सकलशास्त्रपारङ्गतश्चात्र

  spurious coordination pairs (job-(b) precision errors):
    धर्मशास्त्राणि + मन्वादीनि
    धर्मशास्त्राणि + चाणक्यादीनि
    धर्मशास्त्राणि + वात्स्यायनादीनि
    मन्वादीनि + अर्थशास्त्राणि
    मन्वादीनि + चाणक्यादीनि
    मन्वादीनि + कामशास्त्राणि
    मन्वादीनि + वात्स्यायनादीनि
    अर्थशास्त्राणि + चाणक्यादीनि
    अर्थशास्त्राणि + वात्स्यायनादीनि
    चाणक्यादीनि + कामशास्त्राणि
    चाणक्यादीनि + वात्स्यायनादीनि
    कामशास्त्राणि + वात्स्यायनादीनि
    फल्गु + हंसैर्ययथा
    फल्गु + क्षीरमिवाम्बुमध्यात्
    हंसैर्ययथा + क्षीरमिवाम्बुमध्यात्

  KEY RELATIONS FOR THIS PHASE:
    nsubj          gold  156  correct   85  R  54.5%   pred  259
    nsubj:pass     gold   33  correct    1  R   3.0%   pred    3
    conj           gold   82  correct    6  R   7.3%   pred   43
    cc             gold   27  correct   13  R  48.1%   pred   20
