==============================================================
data/treebanks/UD_Sanskrit-UFAL/sa_ufal-ud-test.conllu
==============================================================
JOB (a) subject position, of 204 nsubj/nsubj:pass with a real head:
   subject BEFORE its verb-head :  158  (77.5%)
   subject AFTER  its verb-head :   46  (22.5%)   <-- the job-(a) cases

   post-verbal examples (subject / head):
     नमः        <- कविभ्यो      | महाकविभ्यो नमः।
     नमः        <- चाणक्याय     | चाणक्याय च विदुषे नमोऽस्तु नयशास्त्रकर्तृभ्यः॥
     नगरम्      <- जनपदे        | अस्ति दाक्षिणात्ये जनपदे महिलारोप्यं नाम नगरम्।
     एतद्       <- ज्ञातम्      | भोः, ज्ञातम् एतद् भवद्भिर्यन्ममैते त्रयोऽपि पुत्राः शास्त्
     मे         <- पश्यतः       | तत् एतान् पश्यतः मे महदपि राज्यम् न सौख्यम् आवहति ।
     गर्भस्रावो <- वरं          | वरं गर्भस्रावो वरमृतुषु नैवाभिगमनं वरं जातः प्रोतो वरमपि च
     जातः       <- वरं          | वरं गर्भस्रावो वरमृतुषु नैवाभिगमनं वरं जातः प्रोतो वरमपि च
     कन्या      <- वरम्         | वरं गर्भस्रावो वरमृतुषु नैवाभिगमनं वरं जातः प्रोतो वरमपि च
     भार्या     <- वरं          | वरं गर्भस्रावो वरमृतुषु नैवाभिगमनं वरं जातः प्रोतो वरमपि च
     तनयः       <- वरम्         | वरं गर्भस्रावो वरमृतुषु नैवाभिगमनं वरं जातः प्रोतो वरमपि च
     विषयः      <- अशाश्वतो     | अशाश्वतो यं जीवितव्यविषयः।
     शास्त्राणि <- ज्ञेयानि     | प्रभूतकालज्ञेयानि शब्दशास्त्राणि।

JOB (b) coordination:
   conj pairs where both members are nominal      : 84
   ... of those, with DIFFERING gender            : 17   <-- the FP-shaped cases

   differing-gender coordination examples:
     सिढा(Masc) + नद्यो(Fem) | सिढा नद्यो श्विनौ श्रीर् दितिर् अदितिसुता मातरश् चंड
     सिढा(Masc) + श्विनौ(Fem) | सिढा नद्यो श्विनौ श्रीर् दितिर् अदितिसुता मातरश् चंड
     सिढा(Masc) + श्रीर्(Fem) | सिढा नद्यो श्विनौ श्रीर् दितिर् अदितिसुता मातरश् चंड
     सिढा(Masc) + दितिर्(Fem) | सिढा नद्यो श्विनौ श्रीर् दितिर् अदितिसुता मातरश् चंड
     सिढा(Masc) + मातरश्(Fem) | सिढा नद्यो श्विनौ श्रीर् दितिर् अदितिसुता मातरश् चंड
     सिढा(Masc) + चंडिका(Fem) | सिढा नद्यो श्विनौ श्रीर् दितिर् अदितिसुता मातरश् चंड
     सिढा(Masc) + आद्या(Fem) | सिढा नद्यो श्विनौ श्रीर् दितिर् अदितिसुता मातरश् चंड
     सिढा(Masc) + तीर्थानि(Neut) | सिढा नद्यो श्विनौ श्रीर् दितिर् अदितिसुता मातरश् चंड
     सिढा(Masc) + नित्यं(Neut) | सिढा नद्यो श्विनौ श्रीर् दितिर् अदितिसुता मातरश् चंड
     भिक्षया(Fem) + कृषिकर्मणा(Neut) | स अर्थः पुरुषाणाम् षड्भिरुपायैर्भवति भिक्षया नृपसेवय
     भिक्षया(Fem) + उपार्जनेन(Neut) | स अर्थः पुरुषाणाम् षड्भिरुपायैर्भवति भिक्षया नृपसेवय
     भिक्षया(Fem) + व्यवहारेण(Masc) | स अर्थः पुरुषाणाम् षड्भिरुपायैर्भवति भिक्षया नृपसेवय
